Archive member included to satisfy reference by file (symbol)

c:/program files (x86)/eclipse/imt_sdk_win_64/winarm/armgcc/bin/../lib/gcc/arm-none-eabi/7.2.1/../../../../arm-none-eabi/lib/thumb/v7-m\libg_nano.a(lib_a-errno.o)
                              ./system/src/newlib/_sbrk.o (__errno)
c:/program files (x86)/eclipse/imt_sdk_win_64/winarm/armgcc/bin/../lib/gcc/arm-none-eabi/7.2.1/../../../../arm-none-eabi/lib/thumb/v7-m\libg_nano.a(lib_a-impure.o)
                              c:/program files (x86)/eclipse/imt_sdk_win_64/winarm/armgcc/bin/../lib/gcc/arm-none-eabi/7.2.1/../../../../arm-none-eabi/lib/thumb/v7-m\libg_nano.a(lib_a-errno.o) (_impure_ptr)
c:/program files (x86)/eclipse/imt_sdk_win_64/winarm/armgcc/bin/../lib/gcc/arm-none-eabi/7.2.1/../../../../arm-none-eabi/lib/thumb/v7-m\libg_nano.a(lib_a-memcpy-stub.o)
                              ./src/BTL_program.o (memcpy)
c:/program files (x86)/eclipse/imt_sdk_win_64/winarm/armgcc/bin/../lib/gcc/arm-none-eabi/7.2.1/../../../../arm-none-eabi/lib/thumb/v7-m\libg_nano.a(lib_a-memset.o)
                              ./src/BTL_program.o (memset)
c:/program files (x86)/eclipse/imt_sdk_win_64/winarm/armgcc/bin/../lib/gcc/arm-none-eabi/7.2.1/../../../../arm-none-eabi/lib/thumb/v7-m\libg_nano.a(lib_a-sprintf.o)
                              ./src/BTL_program.o (sprintf)
c:/program files (x86)/eclipse/imt_sdk_win_64/winarm/armgcc/bin/../lib/gcc/arm-none-eabi/7.2.1/../../../../arm-none-eabi/lib/thumb/v7-m\libg_nano.a(lib_a-strcat.o)
                              ./src/BTL_program.o (strcat)
c:/program files (x86)/eclipse/imt_sdk_win_64/winarm/armgcc/bin/../lib/gcc/arm-none-eabi/7.2.1/../../../../arm-none-eabi/lib/thumb/v7-m\libg_nano.a(lib_a-strlen.o)
                              ./system/src/diag/Trace.o (strlen)
c:/program files (x86)/eclipse/imt_sdk_win_64/winarm/armgcc/bin/../lib/gcc/arm-none-eabi/7.2.1/../../../../arm-none-eabi/lib/thumb/v7-m\libg_nano.a(lib_a-vsnprintf.o)
                              ./system/src/diag/Trace.o (vsnprintf)
c:/program files (x86)/eclipse/imt_sdk_win_64/winarm/armgcc/bin/../lib/gcc/arm-none-eabi/7.2.1/../../../../arm-none-eabi/lib/thumb/v7-m\libg_nano.a(lib_a-nano-svfprintf.o)
                              c:/program files (x86)/eclipse/imt_sdk_win_64/winarm/armgcc/bin/../lib/gcc/arm-none-eabi/7.2.1/../../../../arm-none-eabi/lib/thumb/v7-m\libg_nano.a(lib_a-sprintf.o) (_svfprintf_r)
c:/program files (x86)/eclipse/imt_sdk_win_64/winarm/armgcc/bin/../lib/gcc/arm-none-eabi/7.2.1/../../../../arm-none-eabi/lib/thumb/v7-m\libg_nano.a(lib_a-nano-vfprintf_i.o)
                              c:/program files (x86)/eclipse/imt_sdk_win_64/winarm/armgcc/bin/../lib/gcc/arm-none-eabi/7.2.1/../../../../arm-none-eabi/lib/thumb/v7-m\libg_nano.a(lib_a-nano-svfprintf.o) (_printf_i)
c:/program files (x86)/eclipse/imt_sdk_win_64/winarm/armgcc/bin/../lib/gcc/arm-none-eabi/7.2.1/../../../../arm-none-eabi/lib/thumb/v7-m\libg_nano.a(lib_a-memchr-stub.o)
                              c:/program files (x86)/eclipse/imt_sdk_win_64/winarm/armgcc/bin/../lib/gcc/arm-none-eabi/7.2.1/../../../../arm-none-eabi/lib/thumb/v7-m\libg_nano.a(lib_a-nano-svfprintf.o) (memchr)
c:/program files (x86)/eclipse/imt_sdk_win_64/winarm/armgcc/bin/../lib/gcc/arm-none-eabi/7.2.1/../../../../arm-none-eabi/lib/thumb/v7-m\libg_nano.a(lib_a-memmove.o)
                              c:/program files (x86)/eclipse/imt_sdk_win_64/winarm/armgcc/bin/../lib/gcc/arm-none-eabi/7.2.1/../../../../arm-none-eabi/lib/thumb/v7-m\libg_nano.a(lib_a-nano-svfprintf.o) (memmove)
c:/program files (x86)/eclipse/imt_sdk_win_64/winarm/armgcc/bin/../lib/gcc/arm-none-eabi/7.2.1/../../../../arm-none-eabi/lib/thumb/v7-m\libg_nano.a(lib_a-nano-freer.o)
                              c:/program files (x86)/eclipse/imt_sdk_win_64/winarm/armgcc/bin/../lib/gcc/arm-none-eabi/7.2.1/../../../../arm-none-eabi/lib/thumb/v7-m\libg_nano.a(lib_a-nano-svfprintf.o) (_free_r)
c:/program files (x86)/eclipse/imt_sdk_win_64/winarm/armgcc/bin/../lib/gcc/arm-none-eabi/7.2.1/../../../../arm-none-eabi/lib/thumb/v7-m\libg_nano.a(lib_a-nano-mallocr.o)
                              c:/program files (x86)/eclipse/imt_sdk_win_64/winarm/armgcc/bin/../lib/gcc/arm-none-eabi/7.2.1/../../../../arm-none-eabi/lib/thumb/v7-m\libg_nano.a(lib_a-nano-svfprintf.o) (_malloc_r)
c:/program files (x86)/eclipse/imt_sdk_win_64/winarm/armgcc/bin/../lib/gcc/arm-none-eabi/7.2.1/../../../../arm-none-eabi/lib/thumb/v7-m\libg_nano.a(lib_a-nano-reallocr.o)
                              c:/program files (x86)/eclipse/imt_sdk_win_64/winarm/armgcc/bin/../lib/gcc/arm-none-eabi/7.2.1/../../../../arm-none-eabi/lib/thumb/v7-m\libg_nano.a(lib_a-nano-svfprintf.o) (_realloc_r)
c:/program files (x86)/eclipse/imt_sdk_win_64/winarm/armgcc/bin/../lib/gcc/arm-none-eabi/7.2.1/../../../../arm-none-eabi/lib/thumb/v7-m\libg_nano.a(lib_a-sbrkr.o)
[...]
Memory Configuration

Name             Origin             Length             Attributes
RAM              0x20000000         0x00005000         xrw
CCMRAM           0x00000000         0x00000000         xrw
FLASH            0x08000000         0x00002800         xr
FLASHB1          0x00000000         0x00000000         xr
EXTMEMB0         0x00000000         0x00000000         xr
EXTMEMB1         0x00000000         0x00000000         xr
EXTMEMB2         0x00000000         0x00000000         xr
EXTMEMB3         0x00000000         0x00000000         xr
MEMORY_ARRAY     0x00000000         0x00000000         xrw
*default*        0x00000000         0xffffffff

Linker script and memory map

LOAD ./system/src/stm32f1-stdperiph/misc.o
LOAD ./system/src/stm32f1-stdperiph/stm32f10x_gpio.o
LOAD ./system/src/stm32f1-stdperiph/stm32f10x_rcc.o
LOAD ./system/src/newlib/_cxx.o
LOAD ./system/src/newlib/_exit.o
LOAD ./system/src/newlib/_sbrk.o
LOAD ./system/src/newlib/_startup.o
LOAD ./system/src/newlib/_syscalls.o
LOAD ./system/src/newlib/assert.o
LOAD ./system/src/diag/Trace.o
LOAD ./system/src/diag/trace_impl.o
LOAD ./system/src/cortexm/_initialize_hardware.o
LOAD ./system/src/cortexm/_reset_hardware.o
LOAD ./system/src/cortexm/exception_handlers.o
LOAD ./system/src/cmsis/system_stm32f10x.o
LOAD ./system/src/cmsis/vectors_stm32f10x.o
LOAD ./src/BTL_program.o
LOAD ./src/ESP_program.o
LOAD ./src/FPEC_program.o
LOAD ./src/GBIO_program.o
LOAD ./src/RCC_program.o
LOAD ./src/UART_program.o
LOAD ./src/main.o
LOAD c:/program files (x86)/eclipse/imt_sdk_win_64/winarm/armgcc/bin/../lib/gcc/arm-none-eabi/7.2.1/../../../../arm-none-eabi/lib/thumb/v7-m\libstdc++_nano.a
LOAD c:/program files (x86)/eclipse/imt_sdk_win_64/winarm/armgcc/bin/../lib/gcc/arm-none-eabi/7.2.1/../../../../arm-none-eabi/lib/thumb/v7-m\libm.a
START GROUP
LOAD c:/program files (x86)/eclipse/imt_sdk_win_64/winarm/armgcc/bin/../lib/gcc/arm-none-eabi/7.2.1/thumb/v7-m\libgcc.a
LOAD c:/program files (x86)/eclipse/imt_sdk_win_64/winarm/armgcc/bin/../lib/gcc/arm-none-eabi/7.2.1/../../../../arm-none-eabi/lib/thumb/v7-m\libg_nano.a
LOAD c:/program files (x86)/eclipse/imt_sdk_win_64/winarm/armgcc/bin/../lib/gcc/arm-none-eabi/7.2.1/../../../../arm-none-eabi/lib/thumb/v7-m\libc_nano.a
END GROUP
START GROUP
LOAD c:/program files (x86)/eclipse/imt_sdk_win_64/winarm/armgcc/bin/../lib/gcc/arm-none-eabi/7.2.1/thumb/v7-m\libgcc.a
LOAD c:/program files (x86)/eclipse/imt_sdk_win_64/winarm/armgcc/bin/../lib/gcc/arm-none-eabi/7.2.1/../../../../arm-none-eabi/lib/thumb/v7-m\libc_nano.a
END GROUP
                0x20005000                __stack = (ORIGIN (RAM) + LENGTH (RAM))
                0x20005000                _estack = __stack
                0x00000400                __Main_Stack_Size = 0x400
                [!provide]                PROVIDE (_Main_Stack_Size, __Main_Stack_Size)
                0x20004c00                __Main_Stack_Limit = (__stack - __Main_Stack_Size)
                [!provide]                PROVIDE (_Main_Stack_Limit, __Main_Stack_Limit)
                0x00000100                _Minimum_Stack_Size = 0x100
                0x2000152c                PROVIDE (_Heap_Begin, _end_noinit)
                0x20004c00                PROVIDE (_Heap_Limit, (__stack - __Main_Stack_Size))

.isr_vector     0x08000000      0x350
 FILL mask 0xff
                0x08000000                __vectors_start = ABSOLUTE (.)
                0x08000000                __vectors_start__ = ABSOLUTE (.)
 *(.isr_vector)
 .isr_vector    0x08000000      0x10c ./system/src/cmsis/vectors_stm32f10x.o
                0x08000000                __isr_vectors
 *(.cfmconfig)
 *(.after_vectors .after_vectors.*)
 .after_vectors
                0x0800010c      0x114 ./system/src/newlib/_startup.o
                0x0800010c                _start
 .after_vectors
                0x08000220      0x12c ./system/src/cortexm/exception_handlers.o
                0x08000220                Reset_Handler
                0x08000226                NMI_Handler
                0x0800022a                HardFault_Handler
                0x0800023e                HardFault_Handler_C
                0x0800029c                MemManage_Handler
                0x080002a0                BusFault_Handler
                0x080002b4                BusFault_Handler_C
                0x080002e8                UsageFault_Handler
                0x080002fc                UsageFault_Handler_C
                0x08000330                SVC_Handler
                0x08000334                DebugMon_Handler
                0x08000338                PendSV_Handler
                0x0800033c                SysTick_Handler
 .after_vectors
                0x0800034c        0x4 ./system/src/cmsis/vectors_stm32f10x.o
                0x0800034c                EXTI2_IRQHandler
                0x0800034c                TIM8_TRG_COM_IRQHandler
                0x0800034c                TIM8_CC_IRQHandler
                0x0800034c                TIM1_CC_IRQHandler
                0x0800034c                TIM6_IRQHandler
                0x0800034c                PVD_IRQHandler
                0x0800034c                SDIO_IRQHandler
                0x0800034c                CAN2_RX1_IRQHandler
                0x0800034c                EXTI3_IRQHandler
                0x0800034c                TIM8_TRG_COM_TIM14_IRQHandler
                0x0800034c                TIM1_UP_TIM10_IRQHandler
                0x0800034c                TIM8_UP_TIM13_IRQHandler
                0x0800034c                EXTI0_IRQHandler
                0x0800034c                I2C2_EV_IRQHandler
                0x0800034c                CAN1_RX0_IRQHandler
                0x0800034c                TIM1_UP_TIM16_IRQHandler
                0x0800034c                CAN2_SCE_IRQHandler
                0x0800034c                ADC1_2_IRQHandler
                0x0800034c                SPI1_IRQHandler
                0x0800034c                TAMPER_IRQHandler
                0x0800034c                TIM6_DAC_IRQHandler
                0x0800034c                TIM1_BRK_TIM9_IRQHandler
                0x0800034c                CAN2_RX0_IRQHandler
                0x0800034c                TIM8_UP_IRQHandler
                0x0800034c                DMA2_Channel2_IRQHandler
                0x0800034c                DMA1_Channel4_IRQHandler
                0x0800034c                USART3_IRQHandler
                0x0800034c                RTC_IRQHandler
                0x0800034c                DMA1_Channel7_IRQHandler
                0x0800034c                CAN1_RX1_IRQHandler
                0x0800034c                UART5_IRQHandler
                0x0800034c                ADC3_IRQHandler
                0x0800034c                TIM4_IRQHandler
                0x0800034c                DMA2_Channel1_IRQHandler
                0x0800034c                I2C1_EV_IRQHandler
                0x0800034c                DMA1_Channel6_IRQHandler
                0x0800034c                UART4_IRQHandler
                0x0800034c                DMA2_Channel4_IRQHandler
                0x0800034c                TIM3_IRQHandler
                0x0800034c                RCC_IRQHandler
                0x0800034c                TIM8_BRK_TIM12_IRQHandler
                0x0800034c                TIM1_TRG_COM_IRQHandler
                0x0800034c                DMA1_Channel1_IRQHandler
                0x0800034c                Default_Handler
                0x0800034c                CEC_IRQHandler
                0x0800034c                EXTI15_10_IRQHandler
                0x0800034c                TIM14_IRQHandler
                0x0800034c                TIM13_IRQHandler
                0x0800034c                TIM12_IRQHandler
                0x0800034c                TIM7_IRQHandler
                0x0800034c                CAN2_TX_IRQHandler
                0x0800034c                TIM5_IRQHandler
                0x0800034c                EXTI9_5_IRQHandler
                0x0800034c                ETH_WKUP_IRQHandler
                0x0800034c                SPI2_IRQHandler
                0x0800034c                CAN1_TX_IRQHandler
                0x0800034c                DMA2_Channel5_IRQHandler
                0x0800034c                DMA1_Channel5_IRQHandler
                0x0800034c                EXTI4_IRQHandler
                0x0800034c                USB_LP_CAN1_RX0_IRQHandler
                0x0800034c                TIM1_TRG_COM_TIM17_IRQHandler
                0x0800034c                USB_HP_CAN1_TX_IRQHandler
                0x0800034c                DMA1_Channel3_IRQHandler
                0x0800034c                FSMC_IRQHandler
                0x0800034c                ETH_IRQHandler
                0x0800034c                TIM1_UP_IRQHandler
                0x0800034c                WWDG_IRQHandler
                0x0800034c                TIM2_IRQHandler
                0x0800034c                OTG_FS_WKUP_IRQHandler
                0x0800034c                TIM1_TRG_COM_TIM11_IRQHandler
                0x0800034c                TIM1_BRK_IRQHandler
                0x0800034c                EXTI1_IRQHandler
                0x0800034c                RTCAlarm_IRQHandler
                0x0800034c                DMA2_Channel4_5_IRQHandler
                0x0800034c                USART2_IRQHandler
                0x0800034c                I2C2_ER_IRQHandler
                0x0800034c                DMA1_Channel2_IRQHandler
                0x0800034c                TIM8_BRK_IRQHandler
                0x0800034c                CAN1_SCE_IRQHandler
                0x0800034c                FLASH_IRQHandler
                0x0800034c                USART1_IRQHandler
                0x0800034c                OTG_FS_IRQHandler
                0x0800034c                SPI3_IRQHandler
                0x0800034c                I2C1_ER_IRQHandler
                0x0800034c                USBWakeUp_IRQHandler
                0x0800034c                DMA2_Channel3_IRQHandler
                0x0800034c                TIM1_BRK_TIM15_IRQHandler

.inits          0x08000350       0x28
                0x08000350                __data_regions_array_start = .
                0x08000350        0x4 LONG 0x8001d54 LOADADDR (.data)
                0x08000354        0x4 LONG 0x20000000 ADDR (.data)
                0x08000358        0x4 LONG 0x2000008c (ADDR (.data) + SIZEOF (.data))
                0x0800035c        0x4 LONG 0x8001d54 LOADADDR (.data_CCMRAM)
                0x08000360        0x4 LONG 0x0 ADDR (.data_CCMRAM)
                0x08000364        0x4 LONG 0x0 (ADDR (.data_CCMRAM) + SIZEOF (.data_CCMRAM))
                0x08000368                __data_regions_array_end = .
                0x08000368                __bss_regions_array_start = .
                0x08000368        0x4 LONG 0x2000008c ADDR (.bss)
                0x0800036c        0x4 LONG 0x2000152c (ADDR (.bss) + SIZEOF (.bss))
                0x08000370        0x4 LONG 0x0 ADDR (.bss_CCMRAM)
                0x08000374        0x4 LONG 0x0 (ADDR (.bss_CCMRAM) + SIZEOF (.bss_CCMRAM))
                0x08000378                __bss_regions_array_end = .
 *(.init)
 *(.fini)
                0x08000378                . = ALIGN (0x4)
                0x08000378                PROVIDE (__preinit_array_start, .)
 *(.preinit_array_sysinit .preinit_array_sysinit.*)
 *(.preinit_array_platform .preinit_array_platform.*)
 *(.preinit_array .preinit_array.*)
                0x08000378                PROVIDE (__preinit_array_end, .)
                0x08000378                . = ALIGN (0x4)
                0x08000378                PROVIDE (__init_array_start, .)
 *(SORT_BY_NAME(.init_array.*))
 *(.init_array)
                0x08000378                PROVIDE (__init_array_end, .)
                0x08000378                . = ALIGN (0x4)
                0x08000378                PROVIDE (__fini_array_start, .)
 *(SORT_BY_NAME(.fini_array.*))
 *(.fini_array)
                0x08000378                PROVIDE (__fini_array_end, .)

.flashtext
 *(.flashtext .flashtext.*)

.text           0x08000378     0x19db
 *(.text .text.*)
 .text._exit    0x08000378        0x2 ./system/src/newlib/_exit.o
                0x08000378                _exit
 *fill*         0x0800037a        0x2 
 .text._sbrk    0x0800037c       0x44 ./system/src/newlib/_sbrk.o
                0x0800037c                _sbrk
 .text.__initialize_args
                0x080003c0       0x10 ./system/src/newlib/_syscalls.o
                0x080003c0                __initialize_args
 .text.trace_printf
                0x080003d0       0x30 ./system/src/diag/Trace.o
                0x080003d0                trace_printf
 .text._trace_write_semihosting_debug
                0x08000400       0x60 ./system/src/diag/trace_impl.o
 .text.trace_write
                0x08000460        0x8 ./system/src/diag/trace_impl.o
                0x08000460                trace_write
 .text.__initialize_hardware_early
                0x08000468       0x18 ./system/src/cortexm/_initialize_hardware.o
                0x08000468                __initialize_hardware_early
 .text.__initialize_hardware
                0x08000480        0x8 ./system/src/cortexm/_initialize_hardware.o
                0x08000480                __initialize_hardware
 .text.dumpExceptionStack
                0x08000488       0xf4 ./system/src/cortexm/exception_handlers.o
                0x08000488                dumpExceptionStack
 .text.isSemihosting
                0x0800057c       0x20 ./system/src/cortexm/exception_handlers.o
                0x0800057c                isSemihosting
 .text.SetSysClockTo72
                0x0800059c       0xc4 ./system/src/cmsis/system_stm32f10x.o
 .text.SetSysClock
                0x08000660        0x8 ./system/src/cmsis/system_stm32f10x.o
 .text.SystemInit
                0x08000668       0x50 ./system/src/cmsis/system_stm32f10x.o
                0x08000668                SystemInit
 .text.SystemCoreClockUpdate
                0x080006b8       0x94 ./system/src/cmsis/system_stm32f10x.o
                0x080006b8                SystemCoreClockUpdate
 .text.ABTL_vidInit
                0x0800074c       0x4c ./src/BTL_program.o
                0x0800074c                ABTL_vidInit
 .text.vidJumpToApp
                0x08000798       0x24 ./src/BTL_program.o
                0x08000798                vidJumpToApp
 .text.AsciToHex
                0x080007bc       0x14 ./src/BTL_program.o
                0x080007bc                AsciToHex
 .text.vidFlashDataRecord
                0x080007d0       0xe4 ./src/BTL_program.o
                0x080007d0                vidFlashDataRecord
 .text.u16SkipIPD
                0x080008b4       0x12 ./src/BTL_program.o
                0x080008b4                u16SkipIPD
 *fill*         0x080008c6        0x2 
 .text.pu8GetSingleRecord
                0x080008c8       0x78 ./src/BTL_program.o
                0x080008c8                pu8GetSingleRecord
 .text.vidGetPageOfRecordsUseingESP
                0x08000940       0xe4 ./src/BTL_program.o
                0x08000940                vidGetPageOfRecordsUseingESP
 .text.vidToggleOptionalAndJumpToApp
                0x08000a24       0x3c ./src/BTL_program.o
                0x08000a24                vidToggleOptionalAndJumpToApp
 .text.vidParseRecord
                0x08000a60       0x38 ./src/BTL_program.o
                0x08000a60                vidParseRecord
 .text.ABTL_vidStart
                0x08000a98       0xd4 ./src/BTL_program.o
                0x08000a98                ABTL_vidStart
 .text.u8ValidateCmd
                0x08000b6c       0x5c ./src/ESP_program.o
                0x08000b6c                u8ValidateCmd
 .text.HESP_vidInit
                0x08000bc8       0x58 ./src/ESP_program.o
                0x08000bc8                HESP_vidInit
 .text.HESP_vidConnectAP
                0x08000c20       0x80 ./src/ESP_program.o
                0x08000c20                HESP_vidConnectAP
 .text.HESP_vidServerConnect
                0x08000ca0       0x8c ./src/ESP_program.o
                0x08000ca0                HESP_vidServerConnect
 .text.HESP_pu8GetRequest
                0x08000d2c       0x90 ./src/ESP_program.o
                0x08000d2c                HESP_pu8GetRequest
 .text.MFPEC_vidFlashPageErase
                0x08000dbc       0x60 ./src/FPEC_program.o
                0x08000dbc                MFPEC_vidFlashPageErase
 .text.MFPEC_vidEraseOptional
                0x08000e1c       0x70 ./src/FPEC_program.o
                0x08000e1c                MFPEC_vidEraseOptional
 .text.MFPEC_vidProgramOptional
                0x08000e8c       0x7c ./src/FPEC_program.o
                0x08000e8c                MFPEC_vidProgramOptional
 .text.MFPEC_voidEraseAppArea
                0x08000f08       0x18 ./src/FPEC_program.o
                0x08000f08                MFPEC_voidEraseAppArea
 .text.MFPEC_voidFlashWrite
                0x08000f20       0x68 ./src/FPEC_program.o
                0x08000f20                MFPEC_voidFlashWrite
 .text.MFPEC_vidReadFlashRecord
                0x08000f88       0x28 ./src/FPEC_program.o
                0x08000f88                MFPEC_vidReadFlashRecord
 .text.MFPEC_vidReadOptionalData
                0x08000fb0       0x24 ./src/FPEC_program.o
                0x08000fb0                MFPEC_vidReadOptionalData
 .text.MGBIO_vidSetPinDir
                0x08000fd4       0xe8 ./src/GBIO_program.o
                0x08000fd4                MGBIO_vidSetPinDir
 .text.MRCC_voidInitSysClock
                0x080010bc       0x14 ./src/RCC_program.o
                0x080010bc                MRCC_voidInitSysClock
 .text.MRCC_voidEnableClock
                0x080010d0       0x4c ./src/RCC_program.o
                0x080010d0                MRCC_voidEnableClock
 .text.MUSART1_vidInit
                0x0800111c       0x30 ./src/UART_program.o
                0x0800111c                MUSART1_vidInit
 .text.MUSART1_vidSendSynch
                0x0800114c       0x18 ./src/UART_program.o
                0x0800114c                MUSART1_vidSendSynch
 .text.MUSART1_vidSendTextSynch
                0x08001164       0x1a ./src/UART_program.o
                0x08001164                MUSART1_vidSendTextSynch
 *fill*         0x0800117e        0x2 
 .text.MUSART1_vidReceiveSynch
                0x08001180       0x28 ./src/UART_program.o
                0x08001180                MUSART1_vidReceiveSynch
 .text.main     0x080011a8        0xc ./src/main.o
                0x080011a8                main
 .text.__errno  0x080011b4        0xc c:/program files (x86)/eclipse/imt_sdk_win_64/winarm/armgcc/bin/../lib/gcc/arm-none-eabi/7.2.1/../../../../arm-none-eabi/lib/thumb/v7-m\libg_nano.a(lib_a-errno.o)
                0x080011b4                __errno
 .text.memcpy   0x080011c0       0x16 c:/program files (x86)/eclipse/imt_sdk_win_64/winarm/armgcc/bin/../lib/gcc/arm-none-eabi/7.2.1/../../../../arm-none-eabi/lib/thumb/v7-m\libg_nano.a(lib_a-memcpy-stub.o)
                0x080011c0                memcpy
 .text.memset   0x080011d6       0x10 c:/program files (x86)/eclipse/imt_sdk_win_64/winarm/armgcc/bin/../lib/gcc/arm-none-eabi/7.2.1/../../../../arm-none-eabi/lib/thumb/v7-m\libg_nano.a(lib_a-memset.o)
                0x080011d6                memset
 *fill*         0x080011e6        0x2 
 .text.sprintf  0x080011e8       0x40 c:/program files (x86)/eclipse/imt_sdk_win_64/winarm/armgcc/bin/../lib/gcc/arm-none-eabi/7.2.1/../../../../arm-none-eabi/lib/thumb/v7-m\libg_nano.a(lib_a-sprintf.o)
                0x080011e8                siprintf
                0x080011e8                sprintf
 .text.strcat   0x08001228       0x1e c:/program files (x86)/eclipse/imt_sdk_win_64/winarm/armgcc/bin/../lib/gcc/arm-none-eabi/7.2.1/../../../../arm-none-eabi/lib/thumb/v7-m\libg_nano.a(lib_a-strcat.o)
                0x08001228                strcat
 .text._vsnprintf_r
                0x08001246       0x58 c:/program files (x86)/eclipse/imt_sdk_win_64/winarm/armgcc/bin/../lib/gcc/arm-none-eabi/7.2.1/../../../../arm-none-eabi/lib/thumb/v7-m\libg_nano.a(lib_a-vsnprintf.o)
                0x08001246                _vsniprintf_r
                0x08001246                _vsnprintf_r
 *fill*         0x0800129e        0x2 
 .text.vsnprintf
                0x080012a0       0x1c c:/program files (x86)/eclipse/imt_sdk_win_64/winarm/armgcc/bin/../lib/gcc/arm-none-eabi/7.2.1/../../../../arm-none-eabi/lib/thumb/v7-m\libg_nano.a(lib_a-vsnprintf.o)
                0x080012a0                vsniprintf
                0x080012a0                vsnprintf
 .text.__ssputs_r
                0x080012bc       0xb4 c:/program files (x86)/eclipse/imt_sdk_win_64/winarm/armgcc/bin/../lib/gcc/arm-none-eabi/7.2.1/../../../../arm-none-eabi/lib/thumb/v7-m\libg_nano.a(lib_a-nano-svfprintf.o)
                0x080012bc                __ssputs_r
 .text._svfprintf_r
                0x08001370      0x1ec c:/program files (x86)/eclipse/imt_sdk_win_64/winarm/armgcc/bin/../lib/gcc/arm-none-eabi/7.2.1/../../../../arm-none-eabi/lib/thumb/v7-m\libg_nano.a(lib_a-nano-svfprintf.o)
                0x08001370                _svfiprintf_r
                0x08001370                _svfprintf_r
 .text._printf_common
                0x0800155c       0xec c:/program files (x86)/eclipse/imt_sdk_win_64/winarm/armgcc/bin/../lib/gcc/arm-none-eabi/7.2.1/../../../../arm-none-eabi/lib/thumb/v7-m\libg_nano.a(lib_a-nano-vfprintf_i.o)
                0x0800155c                _printf_common
 .text._printf_i
                0x08001648      0x224 c:/program files (x86)/eclipse/imt_sdk_win_64/winarm/armgcc/bin/../lib/gcc/arm-none-eabi/7.2.1/../../../../arm-none-eabi/lib/thumb/v7-m\libg_nano.a(lib_a-nano-vfprintf_i.o)
                0x08001648                _printf_i
 .text.memchr   0x0800186c       0x1c c:/program files (x86)/eclipse/imt_sdk_win_64/winarm/armgcc/bin/../lib/gcc/arm-none-eabi/7.2.1/../../../../arm-none-eabi/lib/thumb/v7-m\libg_nano.a(lib_a-memchr-stub.o)
                0x0800186c                memchr
 .text.memmove  0x08001888       0x32 c:/program files (x86)/eclipse/imt_sdk_win_64/winarm/armgcc/bin/../lib/gcc/arm-none-eabi/7.2.1/../../../../arm-none-eabi/lib/thumb/v7-m\libg_nano.a(lib_a-memmove.o)
                0x08001888                memmove
 *fill*         0x080018ba        0x2 
 .text._free_r  0x080018bc       0x98 c:/program files (x86)/eclipse/imt_sdk_win_64/winarm/armgcc/bin/../lib/gcc/arm-none-eabi/7.2.1/../../../../arm-none-eabi/lib/thumb/v7-m\libg_nano.a(lib_a-nano-freer.o)
                0x080018bc                _free_r
 .text._malloc_r
                0x08001954       0xb4 c:/program files (x86)/eclipse/imt_sdk_win_64/winarm/armgcc/bin/../lib/gcc/arm-none-eabi/7.2.1/../../../../arm-none-eabi/lib/thumb/v7-m\libg_nano.a(lib_a-nano-mallocr.o)
                0x08001954                _malloc_r
 .text._realloc_r
                0x08001a08       0x4c c:/program files (x86)/eclipse/imt_sdk_win_64/winarm/armgcc/bin/../lib/gcc/arm-none-eabi/7.2.1/../../../../arm-none-eabi/lib/thumb/v7-m\libg_nano.a(lib_a-nano-reallocr.o)
                0x08001a08                _realloc_r
 .text._sbrk_r  0x08001a54       0x20 c:/program files (x86)/eclipse/imt_sdk_win_64/winarm/armgcc/bin/../lib/gcc/arm-none-eabi/7.2.1/../../../../arm-none-eabi/lib/thumb/v7-m\libg_nano.a(lib_a-sbrkr.o)
                0x08001a54                _sbrk_r
 .text.__malloc_lock
                0x08001a74        0x2 c:/program files (x86)/eclipse/imt_sdk_win_64/winarm/armgcc/bin/../lib/gcc/arm-none-eabi/7.2.1/../../../../arm-none-eabi/lib/thumb/v7-m\libg_nano.a(lib_a-mlock.o)
                0x08001a74                __malloc_lock
 .text.__malloc_unlock
                0x08001a76        0x2 c:/program files (x86)/eclipse/imt_sdk_win_64/winarm/armgcc/bin/../lib/gcc/arm-none-eabi/7.2.1/../../../../arm-none-eabi/lib/thumb/v7-m\libg_nano.a(lib_a-mlock.o)
                0x08001a76                __malloc_unlock
 .text._malloc_usable_size_r
                0x08001a78       0x10 c:/program files (x86)/eclipse/imt_sdk_win_64/winarm/armgcc/bin/../lib/gcc/arm-none-eabi/7.2.1/../../../../arm-none-eabi/lib/thumb/v7-m\libg_nano.a(lib_a-nano-msizer.o)
                0x08001a78                _malloc_usable_size_r
 *(.rodata .rodata.* .constdata .constdata.*)
 .rodata.dumpExceptionStack.str1.4
                0x08001a88      0x11a ./system/src/cortexm/exception_handlers.o
 *fill*         0x08001ba2        0x2 
 .rodata.str1.4
                0x08001ba4       0x2a ./system/src/cortexm/exception_handlers.o
 *fill*         0x08001bce        0x2 
 .rodata        0x08001bd0       0xce ./src/BTL_program.o
 *fill*         0x08001c9e        0x2 
 .rodata.ABTL_vidInit.str1.4
                0x08001ca0       0x13 ./src/BTL_program.o
 *fill*         0x08001cb3        0x1 
 .rodata.vidGetPageOfRecordsUseingESP.str1.4
                0x08001cb4       0x17 ./src/BTL_program.o
 *fill*         0x08001ccb        0x1 
 .rodata        0x08001ccc       0x14 ./src/ESP_program.o
 .rodata.HESP_pu8GetRequest.str1.4
                0x08001ce0        0x3 ./src/ESP_program.o
 .rodata.HESP_vidConnectAP.str1.4
                0x08001ce0        0xe ./src/ESP_program.o
                                 0x13 (size before relaxing)
 *fill*         0x08001cee        0x2 
 .rodata.HESP_vidInit.str1.4
                0x08001cf0       0x16 ./src/ESP_program.o
 *fill*         0x08001d06        0x2 
 .rodata.HESP_vidServerConnect.str1.4
                0x08001d08       0x18 ./src/ESP_program.o
                                 0x17 (size before relaxing)
 .rodata._svfprintf_r.str1.1
                0x08001d20       0x11 c:/program files (x86)/eclipse/imt_sdk_win_64/winarm/armgcc/bin/../lib/gcc/arm-none-eabi/7.2.1/../../../../arm-none-eabi/lib/thumb/v7-m\libg_nano.a(lib_a-nano-svfprintf.o)
 .rodata._printf_i.str1.1
                0x08001d31       0x22 c:/program files (x86)/eclipse/imt_sdk_win_64/winarm/armgcc/bin/../lib/gcc/arm-none-eabi/7.2.1/../../../../arm-none-eabi/lib/thumb/v7-m\libg_nano.a(lib_a-nano-vfprintf_i.o)
 *(vtable)
 *(.eh_frame*)
 *(.glue_7)
 .glue_7        0x08001d53        0x0 linker stubs
 *(.glue_7t)
 .glue_7t       0x08001d53        0x0 linker stubs

.vfp11_veneer   0x08001d54        0x0
 .vfp11_veneer  0x08001d54        0x0 linker stubs

.v4_bx          0x08001d54        0x0
 .v4_bx         0x08001d54        0x0 linker stubs

.iplt           0x08001d54        0x0
 .iplt          0x08001d54        0x0 ./system/src/newlib/_exit.o

.rel.dyn        0x08001d54        0x0
 .rel.iplt      0x08001d54        0x0 ./system/src/newlib/_exit.o

.ARM.extab
 *(.ARM.extab* .gnu.linkonce.armextab.*)
                0x08001d54                . = ALIGN (0x4)
                0x08001d54                __exidx_start = .

.ARM.exidx
 *(.ARM.exidx* .gnu.linkonce.armexidx.*)
                0x08001d54                __exidx_end = .
                0x08001d54                . = ALIGN (0x4)
                0x08001d54                _etext = .
                0x08001d54                __etext = .

.data_CCMRAM    0x00000000        0x0 load address 0x08001d54
 FILL mask 0xff
 *(.data.CCMRAM .data.CCMRAM.*)
                0x00000000                . = ALIGN (0x4)
                0x08001d54                _sidata = LOADADDR (.data)

.data           0x20000000       0x8c load address 0x08001d54
 FILL mask 0xff
                0x20000000                _sdata = .
                0x20000000                __data_start__ = .
 *(.data_begin .data_begin.*)
 .data_begin    0x20000000        0x4 ./system/src/newlib/_startup.o
 *(.data .data.*)
 .data.argv.4310
                0x20000004        0x8 ./system/src/newlib/_syscalls.o
 .data.AHBPrescTable
                0x2000000c       0x10 ./system/src/cmsis/system_stm32f10x.o
                0x2000000c                AHBPrescTable
 .data.SystemCoreClock
                0x2000001c        0x4 ./system/src/cmsis/system_stm32f10x.o
                0x2000001c                SystemCoreClock
 .data.u32RecordAddressForParser
                0x20000020        0x4 ./src/BTL_program.o
                0x20000020                u32RecordAddressForParser
 .data._impure_ptr
                0x20000024        0x4 c:/program files (x86)/eclipse/imt_sdk_win_64/winarm/armgcc/bin/../lib/gcc/arm-none-eabi/7.2.1/../../../../arm-none-eabi/lib/thumb/v7-m\libg_nano.a(lib_a-impure.o)
                0x20000024                _impure_ptr
 .data.impure_data
                0x20000028       0x60 c:/program files (x86)/eclipse/imt_sdk_win_64/winarm/armgcc/bin/../lib/gcc/arm-none-eabi/7.2.1/../../../../arm-none-eabi/lib/thumb/v7-m\libg_nano.a(lib_a-impure.o)
 *(.data_end .data_end.*)
 .data_end      0x20000088        0x4 ./system/src/newlib/_startup.o
                0x2000008c                . = ALIGN (0x4)
                0x2000008c                _edata = .
                0x2000008c                __data_end__ = .

.igot.plt       0x2000008c        0x0 load address 0x08001de0
 .igot.plt      0x2000008c        0x0 ./system/src/newlib/_exit.o

.bss_CCMRAM     0x00000000        0x0
 *(.bss.CCMRAM .bss.CCMRAM.*)

.bss            0x2000008c     0x14a0
                0x2000008c                __bss_start__ = .
                0x2000008c                _sbss = .
 *(.bss_begin .bss_begin.*)
 .bss_begin     0x2000008c        0x4 ./system/src/newlib/_startup.o
 *(.bss .bss.*)
 .bss.current_heap_end.3961
                0x20000090        0x4 ./system/src/newlib/_sbrk.o
 .bss.name.4309
                0x20000094        0x1 ./system/src/newlib/_syscalls.o
 *fill*         0x20000095        0x3 
 .bss.buf.5205  0x20000098       0x80 ./system/src/diag/Trace.o
 .bss.Loc_u16CharCounter.3758
                0x20000118        0x2 ./src/BTL_program.o
 *fill*         0x2000011a        0x2 
 .bss.addr_to_call
                0x2000011c        0x4 ./src/BTL_program.o
                0x2000011c                addr_to_call
 .bss.__malloc_free_list
                0x20000120        0x4 c:/program files (x86)/eclipse/imt_sdk_win_64/winarm/armgcc/bin/../lib/gcc/arm-none-eabi/7.2.1/../../../../arm-none-eabi/lib/thumb/v7-m\libg_nano.a(lib_a-nano-mallocr.o)
                0x20000120                __malloc_free_list
 .bss.__malloc_sbrk_start
                0x20000124        0x4 c:/program files (x86)/eclipse/imt_sdk_win_64/winarm/armgcc/bin/../lib/gcc/arm-none-eabi/7.2.1/../../../../arm-none-eabi/lib/thumb/v7-m\libg_nano.a(lib_a-nano-mallocr.o)
                0x20000124                __malloc_sbrk_start
 *(COMMON)
 COMMON         0x20000128        0x4 ./system/src/newlib/_syscalls.o
                0x20000128                errno
 COMMON         0x2000012c       0x5e ./src/BTL_program.o
                0x2000012c                u8SuccessfullyUpdatedBank
                0x20000130                Data
                0x20000158                u8SingleRecord
 *fill*         0x2000018a        0x2 
 COMMON         0x2000018c     0x1388 ./src/ESP_program.o
                0x2000018c                u8ESPResponse
 COMMON         0x20001514       0x14 ./src/FPEC_program.o
                0x20001514                FlashedRecord
 *(.bss_end .bss_end.*)
 .bss_end       0x20001528        0x4 ./system/src/newlib/_startup.o
                0x2000152c                . = ALIGN (0x4)
                0x2000152c                __bss_end__ = .
                0x2000152c                _ebss = .

.noinit_CCMRAM
 *(.noinit.CCMRAM .noinit.CCMRAM.*)

.noinit         0x2000152c        0x0
                0x2000152c                _noinit = .
 *(.noinit .noinit.*)
                0x2000152c                . = ALIGN (0x4)
                0x2000152c                _end_noinit = .
                [!provide]                PROVIDE (end, _end_noinit)
                [!provide]                PROVIDE (_end, _end_noinit)
                [!provide]                PROVIDE (__end, _end_noinit)
                [!provide]                PROVIDE (__end__, _end_noinit)

._check_stack   0x2000152c      0x100
                0x2000162c                . = (. + _Minimum_Stack_Size)
 *fill*         0x2000152c      0x100 

.b1text
 *(.b1text)
 *(.b1rodata)
 *(.b1rodata.*)

.eb0text
 *(.eb0text)
 *(.eb0rodata)
 *(.eb0rodata.*)

.eb1text
 *(.eb1text)
 *(.eb1rodata)
 *(.eb1rodata.*)

.eb2text
 *(.eb2text)
 *(.eb2rodata)
 *(.eb2rodata.*)

.eb3text
 *(.eb3text)
 *(.eb3rodata)
 *(.eb3rodata.*)

.stab
 *(.stab)

.stabstr
 *(.stabstr)

.stab.excl
 *(.stab.excl)

.stab.exclstr
 *(.stab.exclstr)

.stab.index
 *(.stab.index)

.stab.indexstr
 *(.stab.indexstr)

.comment        0x00000000       0x7e
 *(.comment)
 .comment       0x00000000       0x7e ./system/src/newlib/_exit.o
                                 0x7f (size before relaxing)
 .comment       0x0000007e       0x7f ./system/src/newlib/_sbrk.o
 .comment       0x0000007e       0x7f ./system/src/newlib/_startup.o
 .comment       0x0000007e       0x7f ./system/src/newlib/_syscalls.o
 .comment       0x0000007e       0x7f ./system/src/diag/Trace.o
 .comment       0x0000007e       0x7f ./system/src/diag/trace_impl.o
 .comment       0x0000007e       0x7f ./system/src/cortexm/_initialize_hardware.o
 .comment       0x0000007e       0x7f ./system/src/cortexm/exception_handlers.o
 .comment       0x0000007e       0x7f ./system/src/cmsis/system_stm32f10x.o
 .comment       0x0000007e       0x7f ./system/src/cmsis/vectors_stm32f10x.o
 .comment       0x0000007e       0x7f ./src/BTL_program.o
 .comment       0x0000007e       0x7f ./src/ESP_program.o
 .comment       0x0000007e       0x7f ./src/FPEC_program.o
 .comment       0x0000007e       0x7f ./src/GBIO_program.o
 .comment       0x0000007e       0x7f ./src/RCC_program.o
 .comment       0x0000007e       0x7f ./src/UART_program.o
 .comment       0x0000007e       0x7f ./src/main.o

.ARM.attributes
                0x00000000       0x31
 .ARM.attributes
                0x00000000       0x33 ./system/src/newlib/_exit.o
 .ARM.attributes
                0x00000033       0x33 ./system/src/newlib/_sbrk.o
 .ARM.attributes
                0x00000066       0x33 ./system/src/newlib/_startup.o
 .ARM.attributes
                0x00000099       0x33 ./system/src/newlib/_syscalls.o
 .ARM.attributes
                0x000000cc       0x33 ./system/src/diag/Trace.o
 .ARM.attributes
                0x000000ff       0x33 ./system/src/diag/trace_impl.o
 .ARM.attributes
                0x00000132       0x33 ./system/src/cortexm/_initialize_hardware.o
 .ARM.attributes
                0x00000165       0x33 ./system/src/cortexm/exception_handlers.o
 .ARM.attributes
                0x00000198       0x33 ./system/src/cmsis/system_stm32f10x.o
 .ARM.attributes
                0x000001cb       0x33 ./system/src/cmsis/vectors_stm32f10x.o
 .ARM.attributes
                0x000001fe       0x33 ./src/BTL_program.o
 .ARM.attributes
                0x00000231       0x33 ./src/ESP_program.o
 .ARM.attributes
                0x00000264       0x33 ./src/FPEC_program.o
 .ARM.attributes
                0x00000297       0x33 ./src/GBIO_program.o
 .ARM.attributes
                0x000002ca       0x33 ./src/RCC_program.o
 .ARM.attributes
                0x000002fd       0x33 ./src/UART_program.o
 .ARM.attributes
                0x00000330       0x33 ./src/main.o
 .ARM.attributes
                0x00000363       0x2d c:/program files (x86)/eclipse/imt_sdk_win_64/winarm/armgcc/bin/../lib/gcc/arm-none-eabi/7.2.1/../../../../arm-none-eabi/lib/thumb/v7-m\libg_nano.a(lib_a-errno.o)
 .ARM.attributes
                0x00000390       0x2d c:/program files (x86)/eclipse/imt_sdk_win_64/winarm/armgcc/bin/../lib/gcc/arm-none-eabi/7.2.1/../../../../arm-none-eabi/lib/thumb/v7-m\libg_nano.a(lib_a-impure.o)
 .ARM.attributes
                0x000003bd       0x2d c:/program files (x86)/eclipse/imt_sdk_win_64/winarm/armgcc/bin/../lib/gcc/arm-none-eabi/7.2.1/../../../../arm-none-eabi/lib/thumb/v7-m\libg_nano.a(lib_a-memcpy-stub.o)
 .ARM.attributes
                0x000003ea       0x2d c:/program files (x86)/eclipse/imt_sdk_win_64/winarm/armgcc/bin/../lib/gcc/arm-none-eabi/7.2.1/../../../../arm-none-eabi/lib/thumb/v7-m\libg_nano.a(lib_a-memset.o)
 .ARM.attributes
                0x00000417       0x2d c:/program files (x86)/eclipse/imt_sdk_win_64/winarm/armgcc/bin/../lib/gcc/arm-none-eabi/7.2.1/../../../../arm-none-eabi/lib/thumb/v7-m\libg_nano.a(lib_a-sprintf.o)
 .ARM.attributes
                0x00000444       0x2d c:/program files (x86)/eclipse/imt_sdk_win_64/winarm/armgcc/bin/../lib/gcc/arm-none-eabi/7.2.1/../../../../arm-none-eabi/lib/thumb/v7-m\libg_nano.a(lib_a-strcat.o)
 .ARM.attributes
                0x00000471       0x2d c:/program files (x86)/eclipse/imt_sdk_win_64/winarm/armgcc/bin/../lib/gcc/arm-none-eabi/7.2.1/../../../../arm-none-eabi/lib/thumb/v7-m\libg_nano.a(lib_a-vsnprintf.o)
 .ARM.attributes
                0x0000049e       0x2d c:/program files (x86)/eclipse/imt_sdk_win_64/winarm/armgcc/bin/../lib/gcc/arm-none-eabi/7.2.1/../../../../arm-none-eabi/lib/thumb/v7-m\libg_nano.a(lib_a-nano-svfprintf.o)
 .ARM.attributes
                0x000004cb       0x2d c:/program files (x86)/eclipse/imt_sdk_win_64/winarm/armgcc/bin/../lib/gcc/arm-none-eabi/7.2.1/../../../../arm-none-eabi/lib/thumb/v7-m\libg_nano.a(lib_a-nano-vfprintf_i.o)
 .ARM.attributes
                0x000004f8       0x2d c:/program files (x86)/eclipse/imt_sdk_win_64/winarm/armgcc/bin/../lib/gcc/arm-none-eabi/7.2.1/../../../../arm-none-eabi/lib/thumb/v7-m\libg_nano.a(lib_a-memchr-stub.o)
 .ARM.attributes
                0x00000525       0x2d c:/program files (x86)/eclipse/imt_sdk_win_64/winarm/armgcc/bin/../lib/gcc/arm-none-eabi/7.2.1/../../../../arm-none-eabi/lib/thumb/v7-m\libg_nano.a(lib_a-memmove.o)
 .ARM.attributes
                0x00000552       0x2d c:/program files (x86)/eclipse/imt_sdk_win_64/winarm/armgcc/bin/../lib/gcc/arm-none-eabi/7.2.1/../../../../arm-none-eabi/lib/thumb/v7-m\libg_nano.a(lib_a-nano-freer.o)
 .ARM.attributes
                0x0000057f       0x2d c:/program files (x86)/eclipse/imt_sdk_win_64/winarm/armgcc/bin/../lib/gcc/arm-none-eabi/7.2.1/../../../../arm-none-eabi/lib/thumb/v7-m\libg_nano.a(lib_a-nano-mallocr.o)
 .ARM.attributes
                0x000005ac       0x2d c:/program files (x86)/eclipse/imt_sdk_win_64/winarm/armgcc/bin/../lib/gcc/arm-none-eabi/7.2.1/../../../../arm-none-eabi/lib/thumb/v7-m\libg_nano.a(lib_a-nano-reallocr.o)
 .ARM.attributes
                0x000005d9       0x2d c:/program files (x86)/eclipse/imt_sdk_win_64/winarm/armgcc/bin/../lib/gcc/arm-none-eabi/7.2.1/../../../../arm-none-eabi/lib/thumb/v7-m\libg_nano.a(lib_a-sbrkr.o)
 .ARM.attributes
                0x00000606       0x2d c:/program files (x86)/eclipse/imt_sdk_win_64/winarm/armgcc/bin/../lib/gcc/arm-none-eabi/7.2.1/../../../../arm-none-eabi/lib/thumb/v7-m\libg_nano.a(lib_a-mlock.o)
 .ARM.attributes
                0x00000633       0x2d c:/program files (x86)/eclipse/imt_sdk_win_64/winarm/armgcc/bin/../lib/gcc/arm-none-eabi/7.2.1/../../../../arm-none-eabi/lib/thumb/v7-m\libg_nano.a(lib_a-nano-msizer.o)

.debug
 *(.debug)

.line
 *(.line)

.debug_srcinfo
 *(.debug_srcinfo)

.debug_sfnames
 *(.debug_sfnames)

.debug_aranges  0x00000000      0x3d0
 *(.debug_aranges)
 .debug_aranges
                0x00000000       0x28 ./system/src/newlib/_exit.o
 .debug_aranges
                0x00000028       0x20 ./system/src/newlib/_sbrk.o
 .debug_aranges
                0x00000048       0x40 ./system/src/newlib/_startup.o
 .debug_aranges
                0x00000088       0x30 ./system/src/newlib/_syscalls.o
 .debug_aranges
                0x000000b8       0x38 ./system/src/diag/Trace.o
 .debug_aranges
                0x000000f0       0x30 ./system/src/diag/trace_impl.o
 .debug_aranges
                0x00000120       0x28 ./system/src/cortexm/_initialize_hardware.o
 .debug_aranges
                0x00000148       0x90 ./system/src/cortexm/exception_handlers.o
 .debug_aranges
                0x000001d8       0x38 ./system/src/cmsis/system_stm32f10x.o
 .debug_aranges
                0x00000210       0x20 ./system/src/cmsis/vectors_stm32f10x.o
 .debug_aranges
                0x00000230       0x68 ./src/BTL_program.o
 .debug_aranges
                0x00000298       0x40 ./src/ESP_program.o
 .debug_aranges
                0x000002d8       0x50 ./src/FPEC_program.o
 .debug_aranges
                0x00000328       0x20 ./src/GBIO_program.o
 .debug_aranges
                0x00000348       0x30 ./src/RCC_program.o
 .debug_aranges
                0x00000378       0x38 ./src/UART_program.o
 .debug_aranges
                0x000003b0       0x20 ./src/main.o

.debug_pubnames
 *(.debug_pubnames)

.debug_info     0x00000000     0x66ba
 *(.debug_info .gnu.linkonce.wi.*)
 .debug_info    0x00000000      0x956 ./system/src/newlib/_exit.o
 .debug_info    0x00000956      0x942 ./system/src/newlib/_sbrk.o
 .debug_info    0x00001298      0x42e ./system/src/newlib/_startup.o
 .debug_info    0x000016c6      0xa19 ./system/src/newlib/_syscalls.o
 .debug_info    0x000020df      0xb2a ./system/src/diag/Trace.o
 .debug_info    0x00002c09      0x363 ./system/src/diag/trace_impl.o
 .debug_info    0x00002f6c      0x2b5 ./system/src/cortexm/_initialize_hardware.o
 .debug_info    0x00003221     0x1140 ./system/src/cortexm/exception_handlers.o
 .debug_info    0x00004361      0x494 ./system/src/cmsis/system_stm32f10x.o
 .debug_info    0x000047f5       0xca ./system/src/cmsis/vectors_stm32f10x.o
 .debug_info    0x000048bf      0x9c1 ./src/BTL_program.o
 .debug_info    0x00005280      0xe0a ./src/ESP_program.o
 .debug_info    0x0000608a      0x29c ./src/FPEC_program.o
 .debug_info    0x00006326       0xbb ./src/GBIO_program.o
 .debug_info    0x000063e1       0xd2 ./src/RCC_program.o
 .debug_info    0x000064b3      0x19f ./src/UART_program.o
 .debug_info    0x00006652       0x68 ./src/main.o

.debug_abbrev   0x00000000     0x1a23
 *(.debug_abbrev)
 .debug_abbrev  0x00000000      0x1f3 ./system/src/newlib/_exit.o
 .debug_abbrev  0x000001f3      0x1fc ./system/src/newlib/_sbrk.o
 .debug_abbrev  0x000003ef      0x1b3 ./system/src/newlib/_startup.o
 .debug_abbrev  0x000005a2      0x234 ./system/src/newlib/_syscalls.o
 .debug_abbrev  0x000007d6      0x276 ./system/src/diag/Trace.o
 .debug_abbrev  0x00000a4c      0x1e2 ./system/src/diag/trace_impl.o
 .debug_abbrev  0x00000c2e       0xea ./system/src/cortexm/_initialize_hardware.o
 .debug_abbrev  0x00000d18      0x32b ./system/src/cortexm/exception_handlers.o
 .debug_abbrev  0x00001043      0x177 ./system/src/cmsis/system_stm32f10x.o
 .debug_abbrev  0x000011ba       0x9d ./system/src/cmsis/vectors_stm32f10x.o
 .debug_abbrev  0x00001257      0x1f4 ./src/BTL_program.o
 .debug_abbrev  0x0000144b      0x240 ./src/ESP_program.o
 .debug_abbrev  0x0000168b      0x165 ./src/FPEC_program.o
 .debug_abbrev  0x000017f0       0x70 ./src/GBIO_program.o
 .debug_abbrev  0x00001860       0x8a ./src/RCC_program.o
 .debug_abbrev  0x000018ea       0xec ./src/UART_program.o
 .debug_abbrev  0x000019d6       0x4d ./src/main.o

.debug_line     0x00000000     0x339e
 *(.debug_line)
 .debug_line    0x00000000      0x367 ./system/src/newlib/_exit.o
 .debug_line    0x00000367      0x31b ./system/src/newlib/_sbrk.o
 .debug_line    0x00000682      0x3d5 ./system/src/newlib/_startup.o
 .debug_line    0x00000a57      0x437 ./system/src/newlib/_syscalls.o
 .debug_line    0x00000e8e      0x3e3 ./system/src/diag/Trace.o
 .debug_line    0x00001271      0x650 ./system/src/diag/trace_impl.o
 .debug_line    0x000018c1      0x37a ./system/src/cortexm/_initialize_hardware.o
 .debug_line    0x00001c3b      0x712 ./system/src/cortexm/exception_handlers.o
 .debug_line    0x0000234d      0x3ed ./system/src/cmsis/system_stm32f10x.o
 .debug_line    0x0000273a      0x106 ./system/src/cmsis/vectors_stm32f10x.o
 .debug_line    0x00002840      0x286 ./src/BTL_program.o
 .debug_line    0x00002ac6      0x45a ./src/ESP_program.o
 .debug_line    0x00002f20      0x194 ./src/FPEC_program.o
 .debug_line    0x000030b4       0xc9 ./src/GBIO_program.o
 .debug_line    0x0000317d       0xcf ./src/RCC_program.o
 .debug_line    0x0000324c       0xf4 ./src/UART_program.o
 .debug_line    0x00003340       0x5e ./src/main.o

.debug_frame    0x00000000      0xb64
 *(.debug_frame)
 .debug_frame   0x00000000       0x38 ./system/src/newlib/_exit.o
 .debug_frame   0x00000038       0x28 ./system/src/newlib/_sbrk.o
 .debug_frame   0x00000060       0x7c ./system/src/newlib/_startup.o
 .debug_frame   0x000000dc       0x50 ./system/src/newlib/_syscalls.o
 .debug_frame   0x0000012c       0x94 ./system/src/diag/Trace.o
 .debug_frame   0x000001c0       0x64 ./system/src/diag/trace_impl.o
 .debug_frame   0x00000224       0x40 ./system/src/cortexm/_initialize_hardware.o
 .debug_frame   0x00000264      0x158 ./system/src/cortexm/exception_handlers.o
 .debug_frame   0x000003bc       0x6c ./system/src/cmsis/system_stm32f10x.o
 .debug_frame   0x00000428       0x20 ./system/src/cmsis/vectors_stm32f10x.o
 .debug_frame   0x00000448      0x128 ./src/BTL_program.o
 .debug_frame   0x00000570       0xbc ./src/ESP_program.o
 .debug_frame   0x0000062c       0xa4 ./src/FPEC_program.o
 .debug_frame   0x000006d0       0x2c ./src/GBIO_program.o
 .debug_frame   0x000006fc       0x40 ./src/RCC_program.o
 .debug_frame   0x0000073c       0x5c ./src/UART_program.o
 .debug_frame   0x00000798       0x28 ./src/main.o
 .debug_frame   0x000007c0       0x20 c:/program files (x86)/eclipse/imt_sdk_win_64/winarm/armgcc/bin/../lib/gcc/arm-none-eabi/7.2.1/../../../../arm-none-eabi/lib/thumb/v7-m\libg_nano.a(lib_a-errno.o)
 .debug_frame   0x000007e0       0x28 c:/program files (x86)/eclipse/imt_sdk_win_64/winarm/armgcc/bin/../lib/gcc/arm-none-eabi/7.2.1/../../../../arm-none-eabi/lib/thumb/v7-m\libg_nano.a(lib_a-memcpy-stub.o)
 .debug_frame   0x00000808       0x20 c:/program files (x86)/eclipse/imt_sdk_win_64/winarm/armgcc/bin/../lib/gcc/arm-none-eabi/7.2.1/../../../../arm-none-eabi/lib/thumb/v7-m\libg_nano.a(lib_a-memset.o)
 .debug_frame   0x00000828       0x6c c:/program files (x86)/eclipse/imt_sdk_win_64/winarm/armgcc/bin/../lib/gcc/arm-none-eabi/7.2.1/../../../../arm-none-eabi/lib/thumb/v7-m\libg_nano.a(lib_a-sprintf.o)
 .debug_frame   0x00000894       0x28 c:/program files (x86)/eclipse/imt_sdk_win_64/winarm/armgcc/bin/../lib/gcc/arm-none-eabi/7.2.1/../../../../arm-none-eabi/lib/thumb/v7-m\libg_nano.a(lib_a-strcat.o)
 .debug_frame   0x000008bc       0x4c c:/program files (x86)/eclipse/imt_sdk_win_64/winarm/armgcc/bin/../lib/gcc/arm-none-eabi/7.2.1/../../../../arm-none-eabi/lib/thumb/v7-m\libg_nano.a(lib_a-vsnprintf.o)
 .debug_frame   0x00000908       0x90 c:/program files (x86)/eclipse/imt_sdk_win_64/winarm/armgcc/bin/../lib/gcc/arm-none-eabi/7.2.1/../../../../arm-none-eabi/lib/thumb/v7-m\libg_nano.a(lib_a-nano-svfprintf.o)
 .debug_frame   0x00000998       0x60 c:/program files (x86)/eclipse/imt_sdk_win_64/winarm/armgcc/bin/../lib/gcc/arm-none-eabi/7.2.1/../../../../arm-none-eabi/lib/thumb/v7-m\libg_nano.a(lib_a-nano-vfprintf_i.o)
 .debug_frame   0x000009f8       0x28 c:/program files (x86)/eclipse/imt_sdk_win_64/winarm/armgcc/bin/../lib/gcc/arm-none-eabi/7.2.1/../../../../arm-none-eabi/lib/thumb/v7-m\libg_nano.a(lib_a-memchr-stub.o)
 .debug_frame   0x00000a20       0x28 c:/program files (x86)/eclipse/imt_sdk_win_64/winarm/armgcc/bin/../lib/gcc/arm-none-eabi/7.2.1/../../../../arm-none-eabi/lib/thumb/v7-m\libg_nano.a(lib_a-memmove.o)
 .debug_frame   0x00000a48       0x38 c:/program files (x86)/eclipse/imt_sdk_win_64/winarm/armgcc/bin/../lib/gcc/arm-none-eabi/7.2.1/../../../../arm-none-eabi/lib/thumb/v7-m\libg_nano.a(lib_a-nano-freer.o)
 .debug_frame   0x00000a80       0x2c c:/program files (x86)/eclipse/imt_sdk_win_64/winarm/armgcc/bin/../lib/gcc/arm-none-eabi/7.2.1/../../../../arm-none-eabi/lib/thumb/v7-m\libg_nano.a(lib_a-nano-mallocr.o)
 .debug_frame   0x00000aac       0x3c c:/program files (x86)/eclipse/imt_sdk_win_64/winarm/armgcc/bin/../lib/gcc/arm-none-eabi/7.2.1/../../../../arm-none-eabi/lib/thumb/v7-m\libg_nano.a(lib_a-nano-reallocr.o)
 .debug_frame   0x00000ae8       0x2c c:/program files (x86)/eclipse/imt_sdk_win_64/winarm/armgcc/bin/../lib/gcc/arm-none-eabi/7.2.1/../../../../arm-none-eabi/lib/thumb/v7-m\libg_nano.a(lib_a-sbrkr.o)
 .debug_frame   0x00000b14       0x30 c:/program files (x86)/eclipse/imt_sdk_win_64/winarm/armgcc/bin/../lib/gcc/arm-none-eabi/7.2.1/../../../../arm-none-eabi/lib/thumb/v7-m\libg_nano.a(lib_a-mlock.o)
 .debug_frame   0x00000b44       0x20 c:/program files (x86)/eclipse/imt_sdk_win_64/winarm/armgcc/bin/../lib/gcc/arm-none-eabi/7.2.1/../../../../arm-none-eabi/lib/thumb/v7-m\libg_nano.a(lib_a-nano-msizer.o)

.debug_str      0x00000000    0x571a5
 *(.debug_str)
 .debug_str     0x00000000     0x7d15 ./system/src/newlib/_exit.o
                               0x7ee8 (size before relaxing)
 .debug_str     0x00007d15      0x4f5 ./system/src/newlib/_sbrk.o
                               0x729a (size before relaxing)
 .debug_str     0x0000820a      0xbbd ./system/src/newlib/_startup.o
                               0x69d5 (size before relaxing)
 .debug_str     0x00008dc7      0xe8b ./system/src/newlib/_syscalls.o
                               0x8175 (size before relaxing)
 .debug_str     0x00009c52      0x826 ./system/src/diag/Trace.o
                               0x8660 (size before relaxing)
 .debug_str     0x0000a478    0x4b2b9 ./system/src/diag/trace_impl.o
                              0x52a46 (size before relaxing)
 .debug_str     0x00055731       0xc4 ./system/src/cortexm/_initialize_hardware.o
                              0x4e837 (size before relaxing)
 .debug_str     0x000557f5      0x1a6 ./system/src/cortexm/exception_handlers.o
                              0x53c6b (size before relaxing)
 .debug_str     0x0005599b      0x114 ./system/src/cmsis/system_stm32f10x.o
                              0x4e8d1 (size before relaxing)
 .debug_str     0x00055aaf       0x57 ./system/src/cmsis/vectors_stm32f10x.o
                               0x3876 (size before relaxing)
 .debug_str     0x00055b06      0x961 ./src/BTL_program.o
                               0x3709 (size before relaxing)
 .debug_str     0x00056467      0x268 ./src/ESP_program.o
                               0x7894 (size before relaxing)
 .debug_str     0x000566cf       0xfd ./src/FPEC_program.o
                               0x3049 (size before relaxing)
 .debug_str     0x000567cc      0x4a6 ./src/GBIO_program.o
                               0x3649 (size before relaxing)
 .debug_str     0x00056c72      0x36c ./src/RCC_program.o
                               0x324d (size before relaxing)
 .debug_str     0x00056fde      0x1b9 ./src/UART_program.o
                               0x309e (size before relaxing)
 .debug_str     0x00057197        0xe ./src/main.o
                               0x2d62 (size before relaxing)

.debug_loc      0x00000000     0x126b
 *(.debug_loc)
 .debug_loc     0x00000000       0x85 ./system/src/newlib/_sbrk.o
 .debug_loc     0x00000085      0x1a9 ./system/src/newlib/_startup.o
 .debug_loc     0x0000022e       0x63 ./system/src/newlib/_syscalls.o
 .debug_loc     0x00000291       0xf6 ./system/src/diag/Trace.o
 .debug_loc     0x00000387      0x121 ./system/src/diag/trace_impl.o
 .debug_loc     0x000004a8      0x291 ./system/src/cortexm/exception_handlers.o
 .debug_loc     0x00000739       0xdf ./system/src/cmsis/system_stm32f10x.o
 .debug_loc     0x00000818      0x435 ./src/BTL_program.o
 .debug_loc     0x00000c4d      0x23c ./src/ESP_program.o
 .debug_loc     0x00000e89      0x1aa ./src/FPEC_program.o
 .debug_loc     0x00001033      0x17e ./src/GBIO_program.o
 .debug_loc     0x000011b1       0x53 ./src/RCC_program.o
 .debug_loc     0x00001204       0x67 ./src/UART_program.o

.debug_macinfo
 *(.debug_macinfo)

.debug_weaknames
 *(.debug_weaknames)

.debug_funcnames
 *(.debug_funcnames)

.debug_typenames
 *(.debug_typenames)

.debug_varnames
 *(.debug_varnames)
OUTPUT(FOTA_Proj.elf elf32-littlearm)

.debug_ranges   0x00000000      0x350
 .debug_ranges  0x00000000       0x18 ./system/src/newlib/_exit.o
 .debug_ranges  0x00000018       0x10 ./system/src/newlib/_sbrk.o
 .debug_ranges  0x00000028       0x78 ./system/src/newlib/_startup.o
 .debug_ranges  0x000000a0       0x20 ./system/src/newlib/_syscalls.o
 .debug_ranges  0x000000c0       0x28 ./system/src/diag/Trace.o
 .debug_ranges  0x000000e8       0x50 ./system/src/diag/trace_impl.o
 .debug_ranges  0x00000138       0x18 ./system/src/cortexm/_initialize_hardware.o
 .debug_ranges  0x00000150       0x80 ./system/src/cortexm/exception_handlers.o
 .debug_ranges  0x000001d0       0x28 ./system/src/cmsis/system_stm32f10x.o
 .debug_ranges  0x000001f8       0x10 ./system/src/cmsis/vectors_stm32f10x.o
 .debug_ranges  0x00000208       0x58 ./src/BTL_program.o
 .debug_ranges  0x00000260       0x30 ./src/ESP_program.o
 .debug_ranges  0x00000290       0x58 ./src/FPEC_program.o
 .debug_ranges  0x000002e8       0x10 ./src/GBIO_program.o
 .debug_ranges  0x000002f8       0x20 ./src/RCC_program.o
 .debug_ranges  0x00000318       0x28 ./src/UART_program.o
 .debug_ranges  0x00000340       0x10 ./src/main.o

.debug_macro    0x00000000     0x2d0c
 .debug_macro   0x00000000      0x1b4 ./system/src/newlib/_exit.o
 .debug_macro   0x000001b4       0x9c ./system/src/newlib/_exit.o
 .debug_macro   0x00000250      0x10e ./system/src/newlib/_exit.o
 .debug_macro   0x0000035e       0x8d ./system/src/newlib/_exit.o
 .debug_macro   0x000003eb       0x43 ./system/src/newlib/_exit.o
 .debug_macro   0x0000042e      0x330 ./system/src/newlib/_exit.o
 .debug_macro   0x0000075e       0x35 ./system/src/newlib/_exit.o
 .debug_macro   0x00000793      0x169 ./system/src/newlib/_sbrk.o
 .debug_macro   0x000008fc      0x174 ./system/src/newlib/_sbrk.o
 .debug_macro   0x00000a70       0x10 ./system/src/newlib/_sbrk.o
 .debug_macro   0x00000a80      0x23b ./system/src/newlib/_sbrk.o
 .debug_macro   0x00000cbb      0x173 ./system/src/newlib/_startup.o
 .debug_macro   0x00000e2e      0x217 ./system/src/newlib/_syscalls.o
 .debug_macro   0x00001045       0x1c ./system/src/newlib/_syscalls.o
 .debug_macro   0x00001061       0x10 ./system/src/newlib/_syscalls.o
 .debug_macro   0x00001071       0x10 ./system/src/newlib/_syscalls.o
 .debug_macro   0x00001081       0x10 ./system/src/newlib/_syscalls.o
 .debug_macro   0x00001091       0x35 ./system/src/newlib/_syscalls.o
 .debug_macro   0x000010c6      0x122 ./system/src/newlib/_syscalls.o
 .debug_macro   0x000011e8       0x88 ./system/src/newlib/_syscalls.o
 .debug_macro   0x00001270       0x2b ./system/src/newlib/_syscalls.o
 .debug_macro   0x0000129b      0x118 ./system/src/newlib/_syscalls.o
 .debug_macro   0x000013b3      0x189 ./system/src/newlib/_syscalls.o
 .debug_macro   0x0000153c       0x16 ./system/src/newlib/_syscalls.o
 .debug_macro   0x00001552      0x1fb ./system/src/diag/Trace.o
 .debug_macro   0x0000174d       0x16 ./system/src/diag/Trace.o
 .debug_macro   0x00001763       0x97 ./system/src/diag/Trace.o
 .debug_macro   0x000017fa       0xfd ./system/src/diag/Trace.o
 .debug_macro   0x000018f7       0x10 ./system/src/diag/Trace.o
 .debug_macro   0x00001907       0x16 ./system/src/diag/Trace.o
 .debug_macro   0x0000191d      0x16f ./system/src/diag/Trace.o
 .debug_macro   0x00001a8c       0x4c ./system/src/diag/Trace.o
 .debug_macro   0x00001ad8       0x16 ./system/src/diag/Trace.o
 .debug_macro   0x00001aee      0x2da ./system/src/diag/trace_impl.o
 .debug_macro   0x00001dc8       0x10 ./system/src/diag/trace_impl.o
 .debug_macro   0x00001dd8       0xcf ./system/src/diag/trace_impl.o
 .debug_macro   0x00001ea7       0xbe ./system/src/diag/trace_impl.o
 .debug_macro   0x00001f65       0x22 ./system/src/diag/trace_impl.o
 .debug_macro   0x00001f87      0x16b ./system/src/cortexm/_initialize_hardware.o
 .debug_macro   0x000020f2      0x324 ./system/src/cortexm/exception_handlers.o
 .debug_macro   0x00002416       0x3b ./system/src/cortexm/exception_handlers.o
 .debug_macro   0x00002451       0x10 ./system/src/cortexm/exception_handlers.o
 .debug_macro   0x00002461      0x16e ./system/src/cmsis/system_stm32f10x.o
 .debug_macro   0x000025cf       0x34 ./system/src/cmsis/vectors_stm32f10x.o
 .debug_macro   0x00002603       0x76 ./src/BTL_program.o
 .debug_macro   0x00002679       0x2e ./src/BTL_program.o
 .debug_macro   0x000026a7       0x28 ./src/BTL_program.o
 .debug_macro   0x000026cf       0x1c ./src/BTL_program.o
 .debug_macro   0x000026eb       0xe8 ./src/BTL_program.o
 .debug_macro   0x000027d3       0x10 ./src/BTL_program.o
 .debug_macro   0x000027e3       0x16 ./src/BTL_program.o
 .debug_macro   0x000027f9      0x1fa ./src/ESP_program.o
 .debug_macro   0x000029f3       0x2e ./src/ESP_program.o
 .debug_macro   0x00002a21       0x40 ./src/FPEC_program.o
 .debug_macro   0x00002a61       0x10 ./src/FPEC_program.o
 .debug_macro   0x00002a71       0x3f ./src/GBIO_program.o
 .debug_macro   0x00002ab0       0x9a ./src/GBIO_program.o
 .debug_macro   0x00002b4a       0x3e ./src/RCC_program.o
 .debug_macro   0x00002b88       0xca ./src/RCC_program.o
 .debug_macro   0x00002c52       0x10 ./src/RCC_program.o
 .debug_macro   0x00002c62       0x3f ./src/UART_program.o
 .debug_macro   0x00002ca1       0x28 ./src/UART_program.o
 .debug_macro   0x00002cc9       0x28 ./src/UART_program.o
 .debug_macro   0x00002cf1       0x1b ./src/main.o
